(---------------------------------------------------------------------)
(                                                                     )
(    Netrev Allegro Import Logic                                      )
(                                                                     )
(    Drawing          : motherboard.brd                               )
(    Software Version : 16.3p004                                      )
(    Date/Time        : Fri Aug 27 00:51:47 2010                      )
(                                                                     )
(---------------------------------------------------------------------)


------ Directives ------

RIPUP_ETCH FALSE;
RIPUP_SYMBOLS ALWAYS;
Missing symbol has error FALSE;
SCHEMATIC_DIRECTORY 'C:/Documents and Settings/Sam Skalicky/My Documents/Motherboard/cisco-coop-mobo/Schematics/Motherboard/allegro';
BOARD_DIRECTORY '';
OLD_BOARD_NAME 'c:/documents and settings/sam skalicky/my documents/motherboard/cisco-coop-mobo/schematics/motherboard/allegro/motherboard.brd';
NEW_BOARD_NAME 'c:/documents and settings/sam skalicky/my documents/motherboard/cisco-coop-mobo/schematics/motherboard/allegro/motherboard.brd';

CmdLine: netrev -$ -i C:/Documents and Settings/Sam Skalicky/My Documents/Motherboard/cisco-coop-mobo/Schematics/Motherboard/allegro -y 1 C:/Documents and Settings/Sam Skalicky/My Documents/Motherboard/cisco-coop-mobo/Schematics/Motherboard/allegro/#Taaaaaa01100.tmp

------ Preparing to read pst files ------

Starting to read C:/Documents and Settings/Sam Skalicky/My Documents/Motherboard/cisco-coop-mobo/Schematics/Motherboard/allegro/pstchip.dat 
   Finished reading C:/Documents and Settings/Sam Skalicky/My Documents/Motherboard/cisco-coop-mobo/Schematics/Motherboard/allegro/pstchip.dat (00:00:00.18)
Starting to read C:/Documents and Settings/Sam Skalicky/My Documents/Motherboard/cisco-coop-mobo/Schematics/Motherboard/allegro/pstxprt.dat 
   Finished reading C:/Documents and Settings/Sam Skalicky/My Documents/Motherboard/cisco-coop-mobo/Schematics/Motherboard/allegro/pstxprt.dat (00:00:00.00)
Starting to read C:/Documents and Settings/Sam Skalicky/My Documents/Motherboard/cisco-coop-mobo/Schematics/Motherboard/allegro/pstxnet.dat 
   Finished reading C:/Documents and Settings/Sam Skalicky/My Documents/Motherboard/cisco-coop-mobo/Schematics/Motherboard/allegro/pstxnet.dat (00:00:00.09)

------ Oversights/Warnings/Errors ------


#1   WARNING(SPMHNI-192): Device/Symbol check warning detected.

ERROR(SPMHNI-196): Symbol 'INTEL_X48' for device 'X48 EXPRESS NORTHBRIDGE_INTEL_X' has extra pin 'J6'.

ERROR(SPMHNI-196): Symbol 'INTEL_X48' for device 'X48 EXPRESS NORTHBRIDGE_INTEL_X' has extra pin 'J7'.

ERROR(SPMHNI-196): Symbol 'INTEL_X48' for device 'X48 EXPRESS NORTHBRIDGE_INTEL_X' has extra pin 'J8'.

ERROR(SPMHNI-196): Symbol 'INTEL_X48' for device 'X48 EXPRESS NORTHBRIDGE_INTEL_X' has extra pin 'J9'.

ERROR(SPMHNI-196): Symbol 'INTEL_X48' for device 'X48 EXPRESS NORTHBRIDGE_INTEL_X' has extra pin 'J10'.

ERROR(SPMHNI-196): Symbol 'INTEL_X48' for device 'X48 EXPRESS NORTHBRIDGE_INTEL_X' has extra pin 'J11'.

ERROR(SPMHNI-196): Symbol 'INTEL_X48' for device 'X48 EXPRESS NORTHBRIDGE_INTEL_X' has extra pin 'J12'.

ERROR(SPMHNI-196): Symbol 'INTEL_X48' for device 'X48 EXPRESS NORTHBRIDGE_INTEL_X' has extra pin 'J13'.

ERROR(SPMHNI-196): Symbol 'INTEL_X48' for device 'X48 EXPRESS NORTHBRIDGE_INTEL_X' has extra pin 'J14'.

ERROR(SPMHNI-196): Symbol 'INTEL_X48' for device 'X48 EXPRESS NORTHBRIDGE_INTEL_X' has extra pin 'J15'.

ERROR(SPMHNI-196): Symbol 'INTEL_X48' for device 'X48 EXPRESS NORTHBRIDGE_INTEL_X' has extra pin 'J16'.

ERROR(SPMHNI-196): Symbol 'INTEL_X48' for device 'X48 EXPRESS NORTHBRIDGE_INTEL_X' has extra pin 'J17'.

ERROR(SPMHNI-196): Symbol 'INTEL_X48' for device 'X48 EXPRESS NORTHBRIDGE_INTEL_X' has extra pin 'J18'.

ERROR(SPMHNI-196): Symbol 'INTEL_X48' for device 'X48 EXPRESS NORTHBRIDGE_INTEL_X' has extra pin 'J19'.

ERROR(SPMHNI-196): Symbol 'INTEL_X48' for device 'X48 EXPRESS NORTHBRIDGE_INTEL_X' has extra pin 'J20'.

ERROR(SPMHNI-196): Symbol 'INTEL_X48' for device 'X48 EXPRESS NORTHBRIDGE_INTEL_X' has extra pin 'J21'.

ERROR(SPMHNI-196): Symbol 'INTEL_X48' for device 'X48 EXPRESS NORTHBRIDGE_INTEL_X' has extra pin 'J22'.

ERROR(SPMHNI-196): Symbol 'INTEL_X48' for device 'X48 EXPRESS NORTHBRIDGE_INTEL_X' has extra pin 'K2'.

ERROR(SPMHNI-196): Symbol 'INTEL_X48' for device 'X48 EXPRESS NORTHBRIDGE_INTEL_X' has extra pin 'K5'.

ERROR(SPMHNI-196): Symbol 'INTEL_X48' for device 'X48 EXPRESS NORTHBRIDGE_INTEL_X' has extra pin 'K9'.

ERROR(SPMHNI-196): Symbol 'INTEL_X48' for device 'X48 EXPRESS NORTHBRIDGE_INTEL_X' has extra pin 'K14'.

ERROR(SPMHNI-196): Symbol 'INTEL_X48' for device 'X48 EXPRESS NORTHBRIDGE_INTEL_X' has extra pin 'K17'.

ERROR(SPMHNI-196): Symbol 'INTEL_X48' for device 'X48 EXPRESS NORTHBRIDGE_INTEL_X' has extra pin 'K20'.

ERROR(SPMHNI-196): Symbol 'INTEL_X48' for device 'X48 EXPRESS NORTHBRIDGE_INTEL_X' has extra pin 'L1'.

ERROR(SPMHNI-196): Symbol 'INTEL_X48' for device 'X48 EXPRESS NORTHBRIDGE_INTEL_X' has extra pin 'L3'.

ERROR(SPMHNI-196): Symbol 'INTEL_X48' for device 'X48 EXPRESS NORTHBRIDGE_INTEL_X' has extra pin 'L9'.

ERROR(SPMHNI-196): Symbol 'INTEL_X48' for device 'X48 EXPRESS NORTHBRIDGE_INTEL_X' has extra pin 'L14'.

ERROR(SPMHNI-196): Symbol 'INTEL_X48' for device 'X48 EXPRESS NORTHBRIDGE_INTEL_X' has extra pin 'L17'.

ERROR(SPMHNI-196): Symbol 'INTEL_X48' for device 'X48 EXPRESS NORTHBRIDGE_INTEL_X' has extra pin 'L20'.

ERROR(SPMHNI-196): Symbol 'INTEL_X48' for device 'X48 EXPRESS NORTHBRIDGE_INTEL_X' has extra pin 'M2'.

ERROR(SPMHNI-196): Symbol 'INTEL_X48' for device 'X48 EXPRESS NORTHBRIDGE_INTEL_X' has extra pin 'M5'.

ERROR(SPMHNI-196): Symbol 'INTEL_X48' for device 'X48 EXPRESS NORTHBRIDGE_INTEL_X' has extra pin 'M9'.

ERROR(SPMHNI-196): Symbol 'INTEL_X48' for device 'X48 EXPRESS NORTHBRIDGE_INTEL_X' has extra pin 'M14'.

ERROR(SPMHNI-196): Symbol 'INTEL_X48' for device 'X48 EXPRESS NORTHBRIDGE_INTEL_X' has extra pin 'M17'.

ERROR(SPMHNI-196): Symbol 'INTEL_X48' for device 'X48 EXPRESS NORTHBRIDGE_INTEL_X' has extra pin 'M20'.

ERROR(SPMHNI-196): Symbol 'INTEL_X48' for device 'X48 EXPRESS NORTHBRIDGE_INTEL_X' has extra pin 'N1'.

ERROR(SPMHNI-196): Symbol 'INTEL_X48' for device 'X48 EXPRESS NORTHBRIDGE_INTEL_X' has extra pin 'N3'.

ERROR(SPMHNI-196): Symbol 'INTEL_X48' for device 'X48 EXPRESS NORTHBRIDGE_INTEL_X' has extra pin 'N9'.

ERROR(SPMHNI-196): Symbol 'INTEL_X48' for device 'X48 EXPRESS NORTHBRIDGE_INTEL_X' has extra pin 'N14'.

ERROR(SPMHNI-196): Symbol 'INTEL_X48' for device 'X48 EXPRESS NORTHBRIDGE_INTEL_X' has extra pin 'N17'.

ERROR(SPMHNI-196): Symbol 'INTEL_X48' for device 'X48 EXPRESS NORTHBRIDGE_INTEL_X' has extra pin 'N20'.

ERROR(SPMHNI-196): Symbol 'INTEL_X48' for device 'X48 EXPRESS NORTHBRIDGE_INTEL_X' has extra pin 'P2'.

ERROR(SPMHNI-196): Symbol 'INTEL_X48' for device 'X48 EXPRESS NORTHBRIDGE_INTEL_X' has extra pin 'P5'.

ERROR(SPMHNI-196): Symbol 'INTEL_X48' for device 'X48 EXPRESS NORTHBRIDGE_INTEL_X' has extra pin 'P6'.

ERROR(SPMHNI-196): Symbol 'INTEL_X48' for device 'X48 EXPRESS NORTHBRIDGE_INTEL_X' has extra pin 'P7'.

ERROR(SPMHNI-196): Symbol 'INTEL_X48' for device 'X48 EXPRESS NORTHBRIDGE_INTEL_X' has extra pin 'P8'.

ERROR(SPMHNI-196): Symbol 'INTEL_X48' for device 'X48 EXPRESS NORTHBRIDGE_INTEL_X' has extra pin 'P9'.

ERROR(SPMHNI-196): Symbol 'INTEL_X48' for device 'X48 EXPRESS NORTHBRIDGE_INTEL_X' has extra pin 'P10'.

ERROR(SPMHNI-196): Symbol 'INTEL_X48' for device 'X48 EXPRESS NORTHBRIDGE_INTEL_X' has extra pin 'P11'.

ERROR(SPMHNI-196): Symbol 'INTEL_X48' for device 'X48 EXPRESS NORTHBRIDGE_INTEL_X' has extra pin 'P12'.

ERROR(SPMHNI-196): Symbol 'INTEL_X48' for device 'X48 EXPRESS NORTHBRIDGE_INTEL_X' has extra pin 'P13'.

ERROR(SPMHNI-196): Symbol 'INTEL_X48' for device 'X48 EXPRESS NORTHBRIDGE_INTEL_X' has extra pin 'P15'.

ERROR(SPMHNI-196): Symbol 'INTEL_X48' for device 'X48 EXPRESS NORTHBRIDGE_INTEL_X' has extra pin 'P17'.

ERROR(SPMHNI-196): Symbol 'INTEL_X48' for device 'X48 EXPRESS NORTHBRIDGE_INTEL_X' has extra pin 'P20'.

ERROR(SPMHNI-196): Symbol 'INTEL_X48' for device 'X48 EXPRESS NORTHBRIDGE_INTEL_X' has extra pin 'T23'.

ERROR(SPMHNI-196): Symbol 'INTEL_X48' for device 'X48 EXPRESS NORTHBRIDGE_INTEL_X' has extra pin 'T24'.

ERROR(SPMHNI-196): Symbol 'INTEL_X48' for device 'X48 EXPRESS NORTHBRIDGE_INTEL_X' has extra pin 'T25'.

ERROR(SPMHNI-196): Symbol 'INTEL_X48' for device 'X48 EXPRESS NORTHBRIDGE_INTEL_X' has extra pin 'T26'.

ERROR(SPMHNI-196): Symbol 'INTEL_X48' for device 'X48 EXPRESS NORTHBRIDGE_INTEL_X' has extra pin 'T27'.

ERROR(SPMHNI-196): Symbol 'INTEL_X48' for device 'X48 EXPRESS NORTHBRIDGE_INTEL_X' has extra pin 'T28'.

ERROR(SPMHNI-196): Symbol 'INTEL_X48' for device 'X48 EXPRESS NORTHBRIDGE_INTEL_X' has extra pin 'T29'.

ERROR(SPMHNI-196): Symbol 'INTEL_X48' for device 'X48 EXPRESS NORTHBRIDGE_INTEL_X' has extra pin 'T30'.

ERROR(SPMHNI-196): Symbol 'INTEL_X48' for device 'X48 EXPRESS NORTHBRIDGE_INTEL_X' has extra pin 'T37'.

ERROR(SPMHNI-196): Symbol 'INTEL_X48' for device 'X48 EXPRESS NORTHBRIDGE_INTEL_X' has extra pin 'T41'.

ERROR(SPMHNI-196): Symbol 'INTEL_X48' for device 'X48 EXPRESS NORTHBRIDGE_INTEL_X' has extra pin 'T44'.

ERROR(SPMHNI-196): Symbol 'INTEL_X48' for device 'X48 EXPRESS NORTHBRIDGE_INTEL_X' has extra pin 'R1'.

ERROR(SPMHNI-196): Symbol 'INTEL_X48' for device 'X48 EXPRESS NORTHBRIDGE_INTEL_X' has extra pin 'R3'.

ERROR(SPMHNI-196): Symbol 'INTEL_X48' for device 'X48 EXPRESS NORTHBRIDGE_INTEL_X' has extra pin 'R9'.

ERROR(SPMHNI-196): Symbol 'INTEL_X48' for device 'X48 EXPRESS NORTHBRIDGE_INTEL_X' has extra pin 'R14'.

ERROR(SPMHNI-196): Symbol 'INTEL_X48' for device 'X48 EXPRESS NORTHBRIDGE_INTEL_X' has extra pin 'R15'.

ERROR(SPMHNI-196): Symbol 'INTEL_X48' for device 'X48 EXPRESS NORTHBRIDGE_INTEL_X' has extra pin 'R17'.

ERROR(SPMHNI-196): Symbol 'INTEL_X48' for device 'X48 EXPRESS NORTHBRIDGE_INTEL_X' has extra pin 'R20'.

ERROR(SPMHNI-196): Symbol 'INTEL_X48' for device 'X48 EXPRESS NORTHBRIDGE_INTEL_X' has extra pin 'T2'.

ERROR(SPMHNI-196): Symbol 'INTEL_X48' for device 'X48 EXPRESS NORTHBRIDGE_INTEL_X' has extra pin 'T5'.

ERROR(SPMHNI-196): Symbol 'INTEL_X48' for device 'X48 EXPRESS NORTHBRIDGE_INTEL_X' has extra pin 'T9'.

ERROR(SPMHNI-196): Symbol 'INTEL_X48' for device 'X48 EXPRESS NORTHBRIDGE_INTEL_X' has extra pin 'T16'.

ERROR(SPMHNI-196): Symbol 'INTEL_X48' for device 'X48 EXPRESS NORTHBRIDGE_INTEL_X' has extra pin 'T17'.

ERROR(SPMHNI-196): Symbol 'INTEL_X48' for device 'X48 EXPRESS NORTHBRIDGE_INTEL_X' has extra pin 'T18'.

ERROR(SPMHNI-196): Symbol 'INTEL_X48' for device 'X48 EXPRESS NORTHBRIDGE_INTEL_X' has extra pin 'T19'.

ERROR(SPMHNI-196): Symbol 'INTEL_X48' for device 'X48 EXPRESS NORTHBRIDGE_INTEL_X' has extra pin 'T20'.

ERROR(SPMHNI-196): Symbol 'INTEL_X48' for device 'X48 EXPRESS NORTHBRIDGE_INTEL_X' has extra pin 'T21'.

ERROR(SPMHNI-196): Symbol 'INTEL_X48' for device 'X48 EXPRESS NORTHBRIDGE_INTEL_X' has extra pin 'T22'.

ERROR(SPMHNI-196): Symbol 'INTEL_X48' for device 'X48 EXPRESS NORTHBRIDGE_INTEL_X' has extra pin 'J24'.

ERROR(SPMHNI-196): Symbol 'INTEL_X48' for device 'X48 EXPRESS NORTHBRIDGE_INTEL_X' has extra pin 'J25'.

ERROR(SPMHNI-196): Symbol 'INTEL_X48' for device 'X48 EXPRESS NORTHBRIDGE_INTEL_X' has extra pin 'J26'.

ERROR(SPMHNI-196): Symbol 'INTEL_X48' for device 'X48 EXPRESS NORTHBRIDGE_INTEL_X' has extra pin 'J27'.

ERROR(SPMHNI-196): Symbol 'INTEL_X48' for device 'X48 EXPRESS NORTHBRIDGE_INTEL_X' has extra pin 'J28'.

ERROR(SPMHNI-196): Symbol 'INTEL_X48' for device 'X48 EXPRESS NORTHBRIDGE_INTEL_X' has extra pin 'J29'.

ERROR(SPMHNI-196): Symbol 'INTEL_X48' for device 'X48 EXPRESS NORTHBRIDGE_INTEL_X' has extra pin 'J30'.

ERROR(SPMHNI-196): Symbol 'INTEL_X48' for device 'X48 EXPRESS NORTHBRIDGE_INTEL_X' has extra pin 'J31'.

ERROR(SPMHNI-196): Symbol 'INTEL_X48' for device 'X48 EXPRESS NORTHBRIDGE_INTEL_X' has extra pin 'J32'.

ERROR(SPMHNI-196): Symbol 'INTEL_X48' for device 'X48 EXPRESS NORTHBRIDGE_INTEL_X' has extra pin 'J33'.

ERROR(SPMHNI-196): Symbol 'INTEL_X48' for device 'X48 EXPRESS NORTHBRIDGE_INTEL_X' has extra pin 'J34'.

ERROR(SPMHNI-196): Symbol 'INTEL_X48' for device 'X48 EXPRESS NORTHBRIDGE_INTEL_X' has extra pin 'J35'.

ERROR(SPMHNI-196): Symbol 'INTEL_X48' for device 'X48 EXPRESS NORTHBRIDGE_INTEL_X' has extra pin 'J36'.

ERROR(SPMHNI-196): Symbol 'INTEL_X48' for device 'X48 EXPRESS NORTHBRIDGE_INTEL_X' has extra pin 'J37'.

ERROR(SPMHNI-196): Symbol 'INTEL_X48' for device 'X48 EXPRESS NORTHBRIDGE_INTEL_X' has extra pin 'J38'.

ERROR(SPMHNI-196): Symbol 'INTEL_X48' for device 'X48 EXPRESS NORTHBRIDGE_INTEL_X' has extra pin 'J39'.

ERROR(SPMHNI-196): Symbol 'INTEL_X48' for device 'X48 EXPRESS NORTHBRIDGE_INTEL_X' has extra pin 'J40'.

ERROR(SPMHNI-196): Symbol 'INTEL_X48' for device 'X48 EXPRESS NORTHBRIDGE_INTEL_X' has extra pin 'J42'.

ERROR(SPMHNI-196): Symbol 'INTEL_X48' for device 'X48 EXPRESS NORTHBRIDGE_INTEL_X' has extra pin 'J45'.

ERROR(SPMHNI-196): Symbol 'INTEL_X48' for device 'X48 EXPRESS NORTHBRIDGE_INTEL_X' has extra pin 'K26'.

ERROR(SPMHNI-196): Symbol 'INTEL_X48' for device 'X48 EXPRESS NORTHBRIDGE_INTEL_X' has extra pin 'K29'.

ERROR(SPMHNI-196): Symbol 'INTEL_X48' for device 'X48 EXPRESS NORTHBRIDGE_INTEL_X' has extra pin 'K32'.

ERROR(SPMHNI-196): Symbol 'INTEL_X48' for device 'X48 EXPRESS NORTHBRIDGE_INTEL_X' has extra pin 'K37'.

ERROR(SPMHNI-196): Symbol 'INTEL_X48' for device 'X48 EXPRESS NORTHBRIDGE_INTEL_X' has extra pin 'K41'.

ERROR(SPMHNI-196): Symbol 'INTEL_X48' for device 'X48 EXPRESS NORTHBRIDGE_INTEL_X' has extra pin 'K44'.

ERROR(SPMHNI-196): Symbol 'INTEL_X48' for device 'X48 EXPRESS NORTHBRIDGE_INTEL_X' has extra pin 'L26'.

ERROR(SPMHNI-196): Symbol 'INTEL_X48' for device 'X48 EXPRESS NORTHBRIDGE_INTEL_X' has extra pin 'L29'.

ERROR(SPMHNI-196): Symbol 'INTEL_X48' for device 'X48 EXPRESS NORTHBRIDGE_INTEL_X' has extra pin 'L32'.

ERROR(SPMHNI-196): Symbol 'INTEL_X48' for device 'X48 EXPRESS NORTHBRIDGE_INTEL_X' has extra pin 'L37'.

ERROR(SPMHNI-196): Symbol 'INTEL_X48' for device 'X48 EXPRESS NORTHBRIDGE_INTEL_X' has extra pin 'L43'.

ERROR(SPMHNI-196): Symbol 'INTEL_X48' for device 'X48 EXPRESS NORTHBRIDGE_INTEL_X' has extra pin 'L45'.

ERROR(SPMHNI-196): Symbol 'INTEL_X48' for device 'X48 EXPRESS NORTHBRIDGE_INTEL_X' has extra pin 'M26'.

ERROR(SPMHNI-196): Symbol 'INTEL_X48' for device 'X48 EXPRESS NORTHBRIDGE_INTEL_X' has extra pin 'M29'.

ERROR(SPMHNI-196): Symbol 'INTEL_X48' for device 'X48 EXPRESS NORTHBRIDGE_INTEL_X' has extra pin 'M32'.

ERROR(SPMHNI-196): Symbol 'INTEL_X48' for device 'X48 EXPRESS NORTHBRIDGE_INTEL_X' has extra pin 'M37'.

ERROR(SPMHNI-196): Symbol 'INTEL_X48' for device 'X48 EXPRESS NORTHBRIDGE_INTEL_X' has extra pin 'M41'.

ERROR(SPMHNI-196): Symbol 'INTEL_X48' for device 'X48 EXPRESS NORTHBRIDGE_INTEL_X' has extra pin 'M44'.

ERROR(SPMHNI-196): Symbol 'INTEL_X48' for device 'X48 EXPRESS NORTHBRIDGE_INTEL_X' has extra pin 'N26'.

ERROR(SPMHNI-196): Symbol 'INTEL_X48' for device 'X48 EXPRESS NORTHBRIDGE_INTEL_X' has extra pin 'N29'.

ERROR(SPMHNI-196): Symbol 'INTEL_X48' for device 'X48 EXPRESS NORTHBRIDGE_INTEL_X' has extra pin 'N32'.

ERROR(SPMHNI-196): Symbol 'INTEL_X48' for device 'X48 EXPRESS NORTHBRIDGE_INTEL_X' has extra pin 'N37'.

ERROR(SPMHNI-196): Symbol 'INTEL_X48' for device 'X48 EXPRESS NORTHBRIDGE_INTEL_X' has extra pin 'N43'.

ERROR(SPMHNI-196): Symbol 'INTEL_X48' for device 'X48 EXPRESS NORTHBRIDGE_INTEL_X' has extra pin 'N45'.

ERROR(SPMHNI-196): Symbol 'INTEL_X48' for device 'X48 EXPRESS NORTHBRIDGE_INTEL_X' has extra pin 'P26'.

ERROR(SPMHNI-196): Symbol 'INTEL_X48' for device 'X48 EXPRESS NORTHBRIDGE_INTEL_X' has extra pin 'P29'.

ERROR(SPMHNI-196): Symbol 'INTEL_X48' for device 'X48 EXPRESS NORTHBRIDGE_INTEL_X' has extra pin 'P31'.

ERROR(SPMHNI-196): Symbol 'INTEL_X48' for device 'X48 EXPRESS NORTHBRIDGE_INTEL_X' has extra pin 'P33'.

ERROR(SPMHNI-196): Symbol 'INTEL_X48' for device 'X48 EXPRESS NORTHBRIDGE_INTEL_X' has extra pin 'P34'.

ERROR(SPMHNI-196): Symbol 'INTEL_X48' for device 'X48 EXPRESS NORTHBRIDGE_INTEL_X' has extra pin 'P35'.

ERROR(SPMHNI-196): Symbol 'INTEL_X48' for device 'X48 EXPRESS NORTHBRIDGE_INTEL_X' has extra pin 'P36'.

ERROR(SPMHNI-196): Symbol 'INTEL_X48' for device 'X48 EXPRESS NORTHBRIDGE_INTEL_X' has extra pin 'P37'.

ERROR(SPMHNI-196): Symbol 'INTEL_X48' for device 'X48 EXPRESS NORTHBRIDGE_INTEL_X' has extra pin 'P38'.

ERROR(SPMHNI-196): Symbol 'INTEL_X48' for device 'X48 EXPRESS NORTHBRIDGE_INTEL_X' has extra pin 'P39'.

ERROR(SPMHNI-196): Symbol 'INTEL_X48' for device 'X48 EXPRESS NORTHBRIDGE_INTEL_X' has extra pin 'P40'.

ERROR(SPMHNI-196): Symbol 'INTEL_X48' for device 'X48 EXPRESS NORTHBRIDGE_INTEL_X' has extra pin 'P41'.

ERROR(SPMHNI-196): Symbol 'INTEL_X48' for device 'X48 EXPRESS NORTHBRIDGE_INTEL_X' has extra pin 'P44'.

ERROR(SPMHNI-196): Symbol 'INTEL_X48' for device 'X48 EXPRESS NORTHBRIDGE_INTEL_X' has extra pin 'R26'.

ERROR(SPMHNI-196): Symbol 'INTEL_X48' for device 'X48 EXPRESS NORTHBRIDGE_INTEL_X' has extra pin 'R29'.

ERROR(SPMHNI-196): Symbol 'INTEL_X48' for device 'X48 EXPRESS NORTHBRIDGE_INTEL_X' has extra pin 'R31'.

ERROR(SPMHNI-196): Symbol 'INTEL_X48' for device 'X48 EXPRESS NORTHBRIDGE_INTEL_X' has extra pin 'R32'.

ERROR(SPMHNI-196): Symbol 'INTEL_X48' for device 'X48 EXPRESS NORTHBRIDGE_INTEL_X' has extra pin 'R37'.

ERROR(SPMHNI-196): Symbol 'INTEL_X48' for device 'X48 EXPRESS NORTHBRIDGE_INTEL_X' has extra pin 'R43'.

ERROR(SPMHNI-196): Symbol 'INTEL_X48' for device 'X48 EXPRESS NORTHBRIDGE_INTEL_X' has extra pin 'R45'.

ERROR(SPMHNI-196): Symbol 'INTEL_X48' for device 'X48 EXPRESS NORTHBRIDGE_INTEL_X' has extra pin 'U1'.

ERROR(SPMHNI-196): Symbol 'INTEL_X48' for device 'X48 EXPRESS NORTHBRIDGE_INTEL_X' has extra pin 'U3'.

ERROR(SPMHNI-196): Symbol 'INTEL_X48' for device 'X48 EXPRESS NORTHBRIDGE_INTEL_X' has extra pin 'U6'.

ERROR(SPMHNI-196): Symbol 'INTEL_X48' for device 'X48 EXPRESS NORTHBRIDGE_INTEL_X' has extra pin 'U7'.

ERROR(SPMHNI-196): Symbol 'INTEL_X48' for device 'X48 EXPRESS NORTHBRIDGE_INTEL_X' has extra pin 'U8'.

ERROR(SPMHNI-196): Symbol 'INTEL_X48' for device 'X48 EXPRESS NORTHBRIDGE_INTEL_X' has extra pin 'U9'.

ERROR(SPMHNI-196): Symbol 'INTEL_X48' for device 'X48 EXPRESS NORTHBRIDGE_INTEL_X' has extra pin 'U10'.

ERROR(SPMHNI-196): Symbol 'INTEL_X48' for device 'X48 EXPRESS NORTHBRIDGE_INTEL_X' has extra pin 'U11'.

ERROR(SPMHNI-196): Symbol 'INTEL_X48' for device 'X48 EXPRESS NORTHBRIDGE_INTEL_X' has extra pin 'U12'.

ERROR(SPMHNI-196): Symbol 'INTEL_X48' for device 'X48 EXPRESS NORTHBRIDGE_INTEL_X' has extra pin 'U13'.

ERROR(SPMHNI-196): Symbol 'INTEL_X48' for device 'X48 EXPRESS NORTHBRIDGE_INTEL_X' has extra pin 'U14'.

ERROR(SPMHNI-196): Symbol 'INTEL_X48' for device 'X48 EXPRESS NORTHBRIDGE_INTEL_X' has extra pin 'U15'.

ERROR(SPMHNI-196): Symbol 'INTEL_X48' for device 'X48 EXPRESS NORTHBRIDGE_INTEL_X' has extra pin 'U16'.

ERROR(SPMHNI-196): Symbol 'INTEL_X48' for device 'X48 EXPRESS NORTHBRIDGE_INTEL_X' has extra pin 'U30'.

ERROR(SPMHNI-196): Symbol 'INTEL_X48' for device 'X48 EXPRESS NORTHBRIDGE_INTEL_X' has extra pin 'U31'.

ERROR(SPMHNI-196): Symbol 'INTEL_X48' for device 'X48 EXPRESS NORTHBRIDGE_INTEL_X' has extra pin 'U32'.

ERROR(SPMHNI-196): Symbol 'INTEL_X48' for device 'X48 EXPRESS NORTHBRIDGE_INTEL_X' has extra pin 'U33'.

ERROR(SPMHNI-196): Symbol 'INTEL_X48' for device 'X48 EXPRESS NORTHBRIDGE_INTEL_X' has extra pin 'U34'.

ERROR(SPMHNI-196): Symbol 'INTEL_X48' for device 'X48 EXPRESS NORTHBRIDGE_INTEL_X' has extra pin 'U35'.

ERROR(SPMHNI-196): Symbol 'INTEL_X48' for device 'X48 EXPRESS NORTHBRIDGE_INTEL_X' has extra pin 'U36'.

ERROR(SPMHNI-196): Symbol 'INTEL_X48' for device 'X48 EXPRESS NORTHBRIDGE_INTEL_X' has extra pin 'U37'.

ERROR(SPMHNI-196): Symbol 'INTEL_X48' for device 'X48 EXPRESS NORTHBRIDGE_INTEL_X' has extra pin 'U38'.

ERROR(SPMHNI-196): Symbol 'INTEL_X48' for device 'X48 EXPRESS NORTHBRIDGE_INTEL_X' has extra pin 'U39'.

ERROR(SPMHNI-196): Symbol 'INTEL_X48' for device 'X48 EXPRESS NORTHBRIDGE_INTEL_X' has extra pin 'U40'.

ERROR(SPMHNI-196): Symbol 'INTEL_X48' for device 'X48 EXPRESS NORTHBRIDGE_INTEL_X' has extra pin 'U43'.

ERROR(SPMHNI-196): Symbol 'INTEL_X48' for device 'X48 EXPRESS NORTHBRIDGE_INTEL_X' has extra pin 'U45'.

ERROR(SPMHNI-196): Symbol 'INTEL_X48' for device 'X48 EXPRESS NORTHBRIDGE_INTEL_X' has extra pin 'V2'.

ERROR(SPMHNI-196): Symbol 'INTEL_X48' for device 'X48 EXPRESS NORTHBRIDGE_INTEL_X' has extra pin 'V5'.

ERROR(SPMHNI-196): Symbol 'INTEL_X48' for device 'X48 EXPRESS NORTHBRIDGE_INTEL_X' has extra pin 'V9'.

ERROR(SPMHNI-196): Symbol 'INTEL_X48' for device 'X48 EXPRESS NORTHBRIDGE_INTEL_X' has extra pin 'V16'.

ERROR(SPMHNI-196): Symbol 'INTEL_X48' for device 'X48 EXPRESS NORTHBRIDGE_INTEL_X' has extra pin 'W1'.

ERROR(SPMHNI-196): Symbol 'INTEL_X48' for device 'X48 EXPRESS NORTHBRIDGE_INTEL_X' has extra pin 'W3'.

ERROR(SPMHNI-196): Symbol 'INTEL_X48' for device 'X48 EXPRESS NORTHBRIDGE_INTEL_X' has extra pin 'W9'.

ERROR(SPMHNI-196): Symbol 'INTEL_X48' for device 'X48 EXPRESS NORTHBRIDGE_INTEL_X' has extra pin 'W16'.

ERROR(SPMHNI-196): Symbol 'INTEL_X48' for device 'X48 EXPRESS NORTHBRIDGE_INTEL_X' has extra pin 'Y2'.

ERROR(SPMHNI-196): Symbol 'INTEL_X48' for device 'X48 EXPRESS NORTHBRIDGE_INTEL_X' has extra pin 'Y5'.

ERROR(SPMHNI-196): Symbol 'INTEL_X48' for device 'X48 EXPRESS NORTHBRIDGE_INTEL_X' has extra pin 'Y6'.

ERROR(SPMHNI-196): Symbol 'INTEL_X48' for device 'X48 EXPRESS NORTHBRIDGE_INTEL_X' has extra pin 'Y7'.

ERROR(SPMHNI-196): Symbol 'INTEL_X48' for device 'X48 EXPRESS NORTHBRIDGE_INTEL_X' has extra pin 'Y8'.

ERROR(SPMHNI-196): Symbol 'INTEL_X48' for device 'X48 EXPRESS NORTHBRIDGE_INTEL_X' has extra pin 'Y9'.

ERROR(SPMHNI-196): Symbol 'INTEL_X48' for device 'X48 EXPRESS NORTHBRIDGE_INTEL_X' has extra pin 'Y10'.

ERROR(SPMHNI-196): Symbol 'INTEL_X48' for device 'X48 EXPRESS NORTHBRIDGE_INTEL_X' has extra pin 'Y11'.

ERROR(SPMHNI-196): Symbol 'INTEL_X48' for device 'X48 EXPRESS NORTHBRIDGE_INTEL_X' has extra pin 'Y12'.

ERROR(SPMHNI-196): Symbol 'INTEL_X48' for device 'X48 EXPRESS NORTHBRIDGE_INTEL_X' has extra pin 'Y13'.

ERROR(SPMHNI-196): Symbol 'INTEL_X48' for device 'X48 EXPRESS NORTHBRIDGE_INTEL_X' has extra pin 'Y14'.

ERROR(SPMHNI-196): Symbol 'INTEL_X48' for device 'X48 EXPRESS NORTHBRIDGE_INTEL_X' has extra pin 'Y15'.

ERROR(SPMHNI-196): Symbol 'INTEL_X48' for device 'X48 EXPRESS NORTHBRIDGE_INTEL_X' has extra pin 'Y16'.

ERROR(SPMHNI-196): Symbol 'INTEL_X48' for device 'X48 EXPRESS NORTHBRIDGE_INTEL_X' has extra pin 'AA1'.

ERROR(SPMHNI-196): Symbol 'INTEL_X48' for device 'X48 EXPRESS NORTHBRIDGE_INTEL_X' has extra pin 'AA3'.

ERROR(SPMHNI-196): Symbol 'INTEL_X48' for device 'X48 EXPRESS NORTHBRIDGE_INTEL_X' has extra pin 'AA9'.

ERROR(SPMHNI-196): Symbol 'INTEL_X48' for device 'X48 EXPRESS NORTHBRIDGE_INTEL_X' has extra pin 'AA16'.

ERROR(SPMHNI-196): Symbol 'INTEL_X48' for device 'X48 EXPRESS NORTHBRIDGE_INTEL_X' has extra pin 'AB2'.

ERROR(SPMHNI-196): Symbol 'INTEL_X48' for device 'X48 EXPRESS NORTHBRIDGE_INTEL_X' has extra pin 'AB5'.

ERROR(SPMHNI-196): Symbol 'INTEL_X48' for device 'X48 EXPRESS NORTHBRIDGE_INTEL_X' has extra pin 'AB9'.

ERROR(SPMHNI-196): Symbol 'INTEL_X48' for device 'X48 EXPRESS NORTHBRIDGE_INTEL_X' has extra pin 'AB16'.

ERROR(SPMHNI-196): Symbol 'INTEL_X48' for device 'X48 EXPRESS NORTHBRIDGE_INTEL_X' has extra pin 'AC2'.

ERROR(SPMHNI-196): Symbol 'INTEL_X48' for device 'X48 EXPRESS NORTHBRIDGE_INTEL_X' has extra pin 'AC5'.

ERROR(SPMHNI-196): Symbol 'INTEL_X48' for device 'X48 EXPRESS NORTHBRIDGE_INTEL_X' has extra pin 'AC9'.

ERROR(SPMHNI-196): Symbol 'INTEL_X48' for device 'X48 EXPRESS NORTHBRIDGE_INTEL_X' has extra pin 'AC16'.

ERROR(SPMHNI-196): Symbol 'INTEL_X48' for device 'X48 EXPRESS NORTHBRIDGE_INTEL_X' has extra pin 'AD2'.

ERROR(SPMHNI-196): Symbol 'INTEL_X48' for device 'X48 EXPRESS NORTHBRIDGE_INTEL_X' has extra pin 'AD5'.

ERROR(SPMHNI-196): Symbol 'INTEL_X48' for device 'X48 EXPRESS NORTHBRIDGE_INTEL_X' has extra pin 'AD9'.

ERROR(SPMHNI-196): Symbol 'INTEL_X48' for device 'X48 EXPRESS NORTHBRIDGE_INTEL_X' has extra pin 'AD16'.

ERROR(SPMHNI-196): Symbol 'INTEL_X48' for device 'X48 EXPRESS NORTHBRIDGE_INTEL_X' has extra pin 'AE1'.

ERROR(SPMHNI-196): Symbol 'INTEL_X48' for device 'X48 EXPRESS NORTHBRIDGE_INTEL_X' has extra pin 'AE3'.

ERROR(SPMHNI-196): Symbol 'INTEL_X48' for device 'X48 EXPRESS NORTHBRIDGE_INTEL_X' has extra pin 'AE9'.

ERROR(SPMHNI-196): Symbol 'INTEL_X48' for device 'X48 EXPRESS NORTHBRIDGE_INTEL_X' has extra pin 'AE16'.

ERROR(SPMHNI-196): Symbol 'INTEL_X48' for device 'X48 EXPRESS NORTHBRIDGE_INTEL_X' has extra pin 'AF2'.

ERROR(SPMHNI-196): Symbol 'INTEL_X48' for device 'X48 EXPRESS NORTHBRIDGE_INTEL_X' has extra pin 'AF5'.

ERROR(SPMHNI-196): Symbol 'INTEL_X48' for device 'X48 EXPRESS NORTHBRIDGE_INTEL_X' has extra pin 'AF6'.

ERROR(SPMHNI-196): Symbol 'INTEL_X48' for device 'X48 EXPRESS NORTHBRIDGE_INTEL_X' has extra pin 'AF7'.

ERROR(SPMHNI-196): Symbol 'INTEL_X48' for device 'X48 EXPRESS NORTHBRIDGE_INTEL_X' has extra pin 'AF8'.

ERROR(SPMHNI-196): Symbol 'INTEL_X48' for device 'X48 EXPRESS NORTHBRIDGE_INTEL_X' has extra pin 'AF9'.

ERROR(SPMHNI-196): Symbol 'INTEL_X48' for device 'X48 EXPRESS NORTHBRIDGE_INTEL_X' has extra pin 'AF10'.

ERROR(SPMHNI-196): Symbol 'INTEL_X48' for device 'X48 EXPRESS NORTHBRIDGE_INTEL_X' has extra pin 'AF11'.

ERROR(SPMHNI-196): Symbol 'INTEL_X48' for device 'X48 EXPRESS NORTHBRIDGE_INTEL_X' has extra pin 'AF12'.

ERROR(SPMHNI-196): Symbol 'INTEL_X48' for device 'X48 EXPRESS NORTHBRIDGE_INTEL_X' has extra pin 'AF13'.

ERROR(SPMHNI-196): Symbol 'INTEL_X48' for device 'X48 EXPRESS NORTHBRIDGE_INTEL_X' has extra pin 'AF14'.

ERROR(SPMHNI-196): Symbol 'INTEL_X48' for device 'X48 EXPRESS NORTHBRIDGE_INTEL_X' has extra pin 'AF15'.

ERROR(SPMHNI-196): Symbol 'INTEL_X48' for device 'X48 EXPRESS NORTHBRIDGE_INTEL_X' has extra pin 'AF16'.

ERROR(SPMHNI-196): Symbol 'INTEL_X48' for device 'X48 EXPRESS NORTHBRIDGE_INTEL_X' has extra pin 'AG1'.

ERROR(SPMHNI-196): Symbol 'INTEL_X48' for device 'X48 EXPRESS NORTHBRIDGE_INTEL_X' has extra pin 'AG3'.

ERROR(SPMHNI-196): Symbol 'INTEL_X48' for device 'X48 EXPRESS NORTHBRIDGE_INTEL_X' has extra pin 'AG9'.

ERROR(SPMHNI-196): Symbol 'INTEL_X48' for device 'X48 EXPRESS NORTHBRIDGE_INTEL_X' has extra pin 'AG16'.

ERROR(SPMHNI-196): Symbol 'INTEL_X48' for device 'X48 EXPRESS NORTHBRIDGE_INTEL_X' has extra pin 'AH2'.

ERROR(SPMHNI-196): Symbol 'INTEL_X48' for device 'X48 EXPRESS NORTHBRIDGE_INTEL_X' has extra pin 'AH5'.

ERROR(SPMHNI-196): Symbol 'INTEL_X48' for device 'X48 EXPRESS NORTHBRIDGE_INTEL_X' has extra pin 'AH9'.

ERROR(SPMHNI-196): Symbol 'INTEL_X48' for device 'X48 EXPRESS NORTHBRIDGE_INTEL_X' has extra pin 'AH16'.

ERROR(SPMHNI-196): Symbol 'INTEL_X48' for device 'X48 EXPRESS NORTHBRIDGE_INTEL_X' has extra pin 'AJ1'.

ERROR(SPMHNI-196): Symbol 'INTEL_X48' for device 'X48 EXPRESS NORTHBRIDGE_INTEL_X' has extra pin 'AJ3'.

ERROR(SPMHNI-196): Symbol 'INTEL_X48' for device 'X48 EXPRESS NORTHBRIDGE_INTEL_X' has extra pin 'AJ6'.

ERROR(SPMHNI-196): Symbol 'INTEL_X48' for device 'X48 EXPRESS NORTHBRIDGE_INTEL_X' has extra pin 'AJ7'.

ERROR(SPMHNI-196): Symbol 'INTEL_X48' for device 'X48 EXPRESS NORTHBRIDGE_INTEL_X' has extra pin 'AJ8'.

ERROR(SPMHNI-196): Symbol 'INTEL_X48' for device 'X48 EXPRESS NORTHBRIDGE_INTEL_X' has extra pin 'AJ9'.

ERROR(SPMHNI-196): Symbol 'INTEL_X48' for device 'X48 EXPRESS NORTHBRIDGE_INTEL_X' has extra pin 'AJ10'.

ERROR(SPMHNI-196): Symbol 'INTEL_X48' for device 'X48 EXPRESS NORTHBRIDGE_INTEL_X' has extra pin 'AJ11'.

ERROR(SPMHNI-196): Symbol 'INTEL_X48' for device 'X48 EXPRESS NORTHBRIDGE_INTEL_X' has extra pin 'AJ12'.

ERROR(SPMHNI-196): Symbol 'INTEL_X48' for device 'X48 EXPRESS NORTHBRIDGE_INTEL_X' has extra pin 'AJ13'.

ERROR(SPMHNI-196): Symbol 'INTEL_X48' for device 'X48 EXPRESS NORTHBRIDGE_INTEL_X' has extra pin 'AJ14'.

ERROR(SPMHNI-196): Symbol 'INTEL_X48' for device 'X48 EXPRESS NORTHBRIDGE_INTEL_X' has extra pin 'AJ15'.

ERROR(SPMHNI-196): Symbol 'INTEL_X48' for device 'X48 EXPRESS NORTHBRIDGE_INTEL_X' has extra pin 'AJ16'.

ERROR(SPMHNI-196): Symbol 'INTEL_X48' for device 'X48 EXPRESS NORTHBRIDGE_INTEL_X' has extra pin 'V30'.

ERROR(SPMHNI-196): Symbol 'INTEL_X48' for device 'X48 EXPRESS NORTHBRIDGE_INTEL_X' has extra pin 'V37'.

ERROR(SPMHNI-196): Symbol 'INTEL_X48' for device 'X48 EXPRESS NORTHBRIDGE_INTEL_X' has extra pin 'V41'.

ERROR(SPMHNI-196): Symbol 'INTEL_X48' for device 'X48 EXPRESS NORTHBRIDGE_INTEL_X' has extra pin 'V44'.

ERROR(SPMHNI-196): Symbol 'INTEL_X48' for device 'X48 EXPRESS NORTHBRIDGE_INTEL_X' has extra pin 'W30'.

ERROR(SPMHNI-196): Symbol 'INTEL_X48' for device 'X48 EXPRESS NORTHBRIDGE_INTEL_X' has extra pin 'W37'.

ERROR(SPMHNI-196): Symbol 'INTEL_X48' for device 'X48 EXPRESS NORTHBRIDGE_INTEL_X' has extra pin 'W43'.

ERROR(SPMHNI-196): Symbol 'INTEL_X48' for device 'X48 EXPRESS NORTHBRIDGE_INTEL_X' has extra pin 'W45'.

ERROR(SPMHNI-196): Symbol 'INTEL_X48' for device 'X48 EXPRESS NORTHBRIDGE_INTEL_X' has extra pin 'Y30'.

ERROR(SPMHNI-196): Symbol 'INTEL_X48' for device 'X48 EXPRESS NORTHBRIDGE_INTEL_X' has extra pin 'Y31'.

ERROR(SPMHNI-196): Symbol 'INTEL_X48' for device 'X48 EXPRESS NORTHBRIDGE_INTEL_X' has extra pin 'Y32'.

ERROR(SPMHNI-196): Symbol 'INTEL_X48' for device 'X48 EXPRESS NORTHBRIDGE_INTEL_X' has extra pin 'Y33'.

ERROR(SPMHNI-196): Symbol 'INTEL_X48' for device 'X48 EXPRESS NORTHBRIDGE_INTEL_X' has extra pin 'Y34'.

ERROR(SPMHNI-196): Symbol 'INTEL_X48' for device 'X48 EXPRESS NORTHBRIDGE_INTEL_X' has extra pin 'Y35'.

ERROR(SPMHNI-196): Symbol 'INTEL_X48' for device 'X48 EXPRESS NORTHBRIDGE_INTEL_X' has extra pin 'Y36'.

ERROR(SPMHNI-196): Symbol 'INTEL_X48' for device 'X48 EXPRESS NORTHBRIDGE_INTEL_X' has extra pin 'Y37'.

ERROR(SPMHNI-196): Symbol 'INTEL_X48' for device 'X48 EXPRESS NORTHBRIDGE_INTEL_X' has extra pin 'Y38'.

ERROR(SPMHNI-196): Symbol 'INTEL_X48' for device 'X48 EXPRESS NORTHBRIDGE_INTEL_X' has extra pin 'Y39'.

ERROR(SPMHNI-196): Symbol 'INTEL_X48' for device 'X48 EXPRESS NORTHBRIDGE_INTEL_X' has extra pin 'Y40'.

ERROR(SPMHNI-196): Symbol 'INTEL_X48' for device 'X48 EXPRESS NORTHBRIDGE_INTEL_X' has extra pin 'Y41'.

ERROR(SPMHNI-196): Symbol 'INTEL_X48' for device 'X48 EXPRESS NORTHBRIDGE_INTEL_X' has extra pin 'Y44'.

ERROR(SPMHNI-196): Symbol 'INTEL_X48' for device 'X48 EXPRESS NORTHBRIDGE_INTEL_X' has extra pin 'AA30'.

ERROR(SPMHNI-196): Symbol 'INTEL_X48' for device 'X48 EXPRESS NORTHBRIDGE_INTEL_X' has extra pin 'AA37'.

ERROR(SPMHNI-196): Symbol 'INTEL_X48' for device 'X48 EXPRESS NORTHBRIDGE_INTEL_X' has extra pin 'AA43'.

ERROR(SPMHNI-196): Symbol 'INTEL_X48' for device 'X48 EXPRESS NORTHBRIDGE_INTEL_X' has extra pin 'AA45'.

ERROR(SPMHNI-196): Symbol 'INTEL_X48' for device 'X48 EXPRESS NORTHBRIDGE_INTEL_X' has extra pin 'AB30'.

ERROR(SPMHNI-196): Symbol 'INTEL_X48' for device 'X48 EXPRESS NORTHBRIDGE_INTEL_X' has extra pin 'AB37'.

ERROR(SPMHNI-196): Symbol 'INTEL_X48' for device 'X48 EXPRESS NORTHBRIDGE_INTEL_X' has extra pin 'AB41'.

ERROR(SPMHNI-196): Symbol 'INTEL_X48' for device 'X48 EXPRESS NORTHBRIDGE_INTEL_X' has extra pin 'AB44'.

ERROR(SPMHNI-196): Symbol 'INTEL_X48' for device 'X48 EXPRESS NORTHBRIDGE_INTEL_X' has extra pin 'AC30'.

ERROR(SPMHNI-196): Symbol 'INTEL_X48' for device 'X48 EXPRESS NORTHBRIDGE_INTEL_X' has extra pin 'AC37'.

ERROR(SPMHNI-196): Symbol 'INTEL_X48' for device 'X48 EXPRESS NORTHBRIDGE_INTEL_X' has extra pin 'AC41'.

ERROR(SPMHNI-196): Symbol 'INTEL_X48' for device 'X48 EXPRESS NORTHBRIDGE_INTEL_X' has extra pin 'AC44'.

ERROR(SPMHNI-196): Symbol 'INTEL_X48' for device 'X48 EXPRESS NORTHBRIDGE_INTEL_X' has extra pin 'AD30'.

ERROR(SPMHNI-196): Symbol 'INTEL_X48' for device 'X48 EXPRESS NORTHBRIDGE_INTEL_X' has extra pin 'AD37'.

ERROR(SPMHNI-196): Symbol 'INTEL_X48' for device 'X48 EXPRESS NORTHBRIDGE_INTEL_X' has extra pin 'AD41'.

ERROR(SPMHNI-196): Symbol 'INTEL_X48' for device 'X48 EXPRESS NORTHBRIDGE_INTEL_X' has extra pin 'AD44'.

ERROR(SPMHNI-196): Symbol 'INTEL_X48' for device 'X48 EXPRESS NORTHBRIDGE_INTEL_X' has extra pin 'AE30'.

ERROR(SPMHNI-196): Symbol 'INTEL_X48' for device 'X48 EXPRESS NORTHBRIDGE_INTEL_X' has extra pin 'AE37'.

ERROR(SPMHNI-196): Symbol 'INTEL_X48' for device 'X48 EXPRESS NORTHBRIDGE_INTEL_X' has extra pin 'AE43'.

ERROR(SPMHNI-196): Symbol 'INTEL_X48' for device 'X48 EXPRESS NORTHBRIDGE_INTEL_X' has extra pin 'AE45'.

ERROR(SPMHNI-196): Symbol 'INTEL_X48' for device 'X48 EXPRESS NORTHBRIDGE_INTEL_X' has extra pin 'AF30'.

ERROR(SPMHNI-196): Symbol 'INTEL_X48' for device 'X48 EXPRESS NORTHBRIDGE_INTEL_X' has extra pin 'AF31'.

ERROR(SPMHNI-196): Symbol 'INTEL_X48' for device 'X48 EXPRESS NORTHBRIDGE_INTEL_X' has extra pin 'AF32'.

ERROR(SPMHNI-196): Symbol 'INTEL_X48' for device 'X48 EXPRESS NORTHBRIDGE_INTEL_X' has extra pin 'AF33'.

ERROR(SPMHNI-196): Symbol 'INTEL_X48' for device 'X48 EXPRESS NORTHBRIDGE_INTEL_X' has extra pin 'AF34'.

ERROR(SPMHNI-196): Symbol 'INTEL_X48' for device 'X48 EXPRESS NORTHBRIDGE_INTEL_X' has extra pin 'AF35'.

ERROR(SPMHNI-196): Symbol 'INTEL_X48' for device 'X48 EXPRESS NORTHBRIDGE_INTEL_X' has extra pin 'AF36'.

ERROR(SPMHNI-196): Symbol 'INTEL_X48' for device 'X48 EXPRESS NORTHBRIDGE_INTEL_X' has extra pin 'AF37'.

ERROR(SPMHNI-196): Symbol 'INTEL_X48' for device 'X48 EXPRESS NORTHBRIDGE_INTEL_X' has extra pin 'AF38'.

ERROR(SPMHNI-196): Symbol 'INTEL_X48' for device 'X48 EXPRESS NORTHBRIDGE_INTEL_X' has extra pin 'AF39'.

ERROR(SPMHNI-196): Symbol 'INTEL_X48' for device 'X48 EXPRESS NORTHBRIDGE_INTEL_X' has extra pin 'AF40'.

ERROR(SPMHNI-196): Symbol 'INTEL_X48' for device 'X48 EXPRESS NORTHBRIDGE_INTEL_X' has extra pin 'AF41'.

ERROR(SPMHNI-196): Symbol 'INTEL_X48' for device 'X48 EXPRESS NORTHBRIDGE_INTEL_X' has extra pin 'AF44'.

ERROR(SPMHNI-196): Symbol 'INTEL_X48' for device 'X48 EXPRESS NORTHBRIDGE_INTEL_X' has extra pin 'AG30'.

ERROR(SPMHNI-196): Symbol 'INTEL_X48' for device 'X48 EXPRESS NORTHBRIDGE_INTEL_X' has extra pin 'AG37'.

ERROR(SPMHNI-196): Symbol 'INTEL_X48' for device 'X48 EXPRESS NORTHBRIDGE_INTEL_X' has extra pin 'AG43'.

ERROR(SPMHNI-196): Symbol 'INTEL_X48' for device 'X48 EXPRESS NORTHBRIDGE_INTEL_X' has extra pin 'AG45'.

ERROR(SPMHNI-196): Symbol 'INTEL_X48' for device 'X48 EXPRESS NORTHBRIDGE_INTEL_X' has extra pin 'AH30'.

ERROR(SPMHNI-196): Symbol 'INTEL_X48' for device 'X48 EXPRESS NORTHBRIDGE_INTEL_X' has extra pin 'AH37'.

ERROR(SPMHNI-196): Symbol 'INTEL_X48' for device 'X48 EXPRESS NORTHBRIDGE_INTEL_X' has extra pin 'AH41'.

ERROR(SPMHNI-196): Symbol 'INTEL_X48' for device 'X48 EXPRESS NORTHBRIDGE_INTEL_X' has extra pin 'AH44'.

ERROR(SPMHNI-196): Symbol 'INTEL_X48' for device 'X48 EXPRESS NORTHBRIDGE_INTEL_X' has extra pin 'AJ30'.

ERROR(SPMHNI-196): Symbol 'INTEL_X48' for device 'X48 EXPRESS NORTHBRIDGE_INTEL_X' has extra pin 'AJ31'.

ERROR(SPMHNI-196): Symbol 'INTEL_X48' for device 'X48 EXPRESS NORTHBRIDGE_INTEL_X' has extra pin 'AJ32'.

ERROR(SPMHNI-196): Symbol 'INTEL_X48' for device 'X48 EXPRESS NORTHBRIDGE_INTEL_X' has extra pin 'AJ33'.

ERROR(SPMHNI-196): Symbol 'INTEL_X48' for device 'X48 EXPRESS NORTHBRIDGE_INTEL_X' has extra pin 'AJ34'.

ERROR(SPMHNI-196): Symbol 'INTEL_X48' for device 'X48 EXPRESS NORTHBRIDGE_INTEL_X' has extra pin 'AJ35'.

ERROR(SPMHNI-196): Symbol 'INTEL_X48' for device 'X48 EXPRESS NORTHBRIDGE_INTEL_X' has extra pin 'AJ36'.

ERROR(SPMHNI-196): Symbol 'INTEL_X48' for device 'X48 EXPRESS NORTHBRIDGE_INTEL_X' has extra pin 'AJ37'.

ERROR(SPMHNI-196): Symbol 'INTEL_X48' for device 'X48 EXPRESS NORTHBRIDGE_INTEL_X' has extra pin 'AJ38'.

ERROR(SPMHNI-196): Symbol 'INTEL_X48' for device 'X48 EXPRESS NORTHBRIDGE_INTEL_X' has extra pin 'AJ39'.

ERROR(SPMHNI-196): Symbol 'INTEL_X48' for device 'X48 EXPRESS NORTHBRIDGE_INTEL_X' has extra pin 'AJ40'.

ERROR(SPMHNI-196): Symbol 'INTEL_X48' for device 'X48 EXPRESS NORTHBRIDGE_INTEL_X' has extra pin 'AJ43'.

ERROR(SPMHNI-196): Symbol 'INTEL_X48' for device 'X48 EXPRESS NORTHBRIDGE_INTEL_X' has extra pin 'AJ45'.

ERROR(SPMHNI-196): Symbol 'INTEL_X48' for device 'X48 EXPRESS NORTHBRIDGE_INTEL_X' has extra pin 'AL1'.

ERROR(SPMHNI-196): Symbol 'INTEL_X48' for device 'X48 EXPRESS NORTHBRIDGE_INTEL_X' has extra pin 'AN1'.

ERROR(SPMHNI-196): Symbol 'INTEL_X48' for device 'X48 EXPRESS NORTHBRIDGE_INTEL_X' has extra pin 'AR1'.

ERROR(SPMHNI-196): Symbol 'INTEL_X48' for device 'X48 EXPRESS NORTHBRIDGE_INTEL_X' has extra pin 'AU1'.

ERROR(SPMHNI-196): Symbol 'INTEL_X48' for device 'X48 EXPRESS NORTHBRIDGE_INTEL_X' has extra pin 'AW1'.

ERROR(SPMHNI-196): Symbol 'INTEL_X48' for device 'X48 EXPRESS NORTHBRIDGE_INTEL_X' has extra pin 'BA1'.

ERROR(SPMHNI-196): Symbol 'INTEL_X48' for device 'X48 EXPRESS NORTHBRIDGE_INTEL_X' has extra pin 'BB1'.

ERROR(SPMHNI-196): Symbol 'INTEL_X48' for device 'X48 EXPRESS NORTHBRIDGE_INTEL_X' has extra pin 'AK2'.

ERROR(SPMHNI-196): Symbol 'INTEL_X48' for device 'X48 EXPRESS NORTHBRIDGE_INTEL_X' has extra pin 'AK5'.

ERROR(SPMHNI-196): Symbol 'INTEL_X48' for device 'X48 EXPRESS NORTHBRIDGE_INTEL_X' has extra pin 'AK9'.

ERROR(SPMHNI-196): Symbol 'INTEL_X48' for device 'X48 EXPRESS NORTHBRIDGE_INTEL_X' has extra pin 'AK16'.

ERROR(SPMHNI-196): Symbol 'INTEL_X48' for device 'X48 EXPRESS NORTHBRIDGE_INTEL_X' has extra pin 'AK17'.

ERROR(SPMHNI-196): Symbol 'INTEL_X48' for device 'X48 EXPRESS NORTHBRIDGE_INTEL_X' has extra pin 'AK18'.

ERROR(SPMHNI-196): Symbol 'INTEL_X48' for device 'X48 EXPRESS NORTHBRIDGE_INTEL_X' has extra pin 'AK19'.

ERROR(SPMHNI-196): Symbol 'INTEL_X48' for device 'X48 EXPRESS NORTHBRIDGE_INTEL_X' has extra pin 'AK20'.

ERROR(SPMHNI-196): Symbol 'INTEL_X48' for device 'X48 EXPRESS NORTHBRIDGE_INTEL_X' has extra pin 'AK21'.

ERROR(SPMHNI-196): Symbol 'INTEL_X48' for device 'X48 EXPRESS NORTHBRIDGE_INTEL_X' has extra pin 'AK22'.

ERROR(SPMHNI-196): Symbol 'INTEL_X48' for device 'X48 EXPRESS NORTHBRIDGE_INTEL_X' has extra pin 'AK23'.

ERROR(SPMHNI-196): Symbol 'INTEL_X48' for device 'X48 EXPRESS NORTHBRIDGE_INTEL_X' has extra pin 'AK24'.

ERROR(SPMHNI-196): Symbol 'INTEL_X48' for device 'X48 EXPRESS NORTHBRIDGE_INTEL_X' has extra pin 'AK25'.

ERROR(SPMHNI-196): Symbol 'INTEL_X48' for device 'X48 EXPRESS NORTHBRIDGE_INTEL_X' has extra pin 'AK26'.

ERROR(SPMHNI-196): Symbol 'INTEL_X48' for device 'X48 EXPRESS NORTHBRIDGE_INTEL_X' has extra pin 'AK27'.

ERROR(SPMHNI-196): Symbol 'INTEL_X48' for device 'X48 EXPRESS NORTHBRIDGE_INTEL_X' has extra pin 'AK28'.

ERROR(SPMHNI-196): Symbol 'INTEL_X48' for device 'X48 EXPRESS NORTHBRIDGE_INTEL_X' has extra pin 'AK29'.

ERROR(SPMHNI-196): Symbol 'INTEL_X48' for device 'X48 EXPRESS NORTHBRIDGE_INTEL_X' has extra pin 'AK30'.

ERROR(SPMHNI-196): Symbol 'INTEL_X48' for device 'X48 EXPRESS NORTHBRIDGE_INTEL_X' has extra pin 'AK37'.

ERROR(SPMHNI-196): Symbol 'INTEL_X48' for device 'X48 EXPRESS NORTHBRIDGE_INTEL_X' has extra pin 'AK41'.

ERROR(SPMHNI-196): Symbol 'INTEL_X48' for device 'X48 EXPRESS NORTHBRIDGE_INTEL_X' has extra pin 'AK44'.

ERROR(SPMHNI-196): Symbol 'INTEL_X48' for device 'X48 EXPRESS NORTHBRIDGE_INTEL_X' has extra pin 'AL3'.

ERROR(SPMHNI-196): Symbol 'INTEL_X48' for device 'X48 EXPRESS NORTHBRIDGE_INTEL_X' has extra pin 'AL9'.

ERROR(SPMHNI-196): Symbol 'INTEL_X48' for device 'X48 EXPRESS NORTHBRIDGE_INTEL_X' has extra pin 'AL14'.

ERROR(SPMHNI-196): Symbol 'INTEL_X48' for device 'X48 EXPRESS NORTHBRIDGE_INTEL_X' has extra pin 'AL15'.

ERROR(SPMHNI-196): Symbol 'INTEL_X48' for device 'X48 EXPRESS NORTHBRIDGE_INTEL_X' has extra pin 'AL17'.

ERROR(SPMHNI-196): Symbol 'INTEL_X48' for device 'X48 EXPRESS NORTHBRIDGE_INTEL_X' has extra pin 'AL20'.

ERROR(SPMHNI-196): Symbol 'INTEL_X48' for device 'X48 EXPRESS NORTHBRIDGE_INTEL_X' has extra pin 'AL26'.

ERROR(SPMHNI-196): Symbol 'INTEL_X48' for device 'X48 EXPRESS NORTHBRIDGE_INTEL_X' has extra pin 'AL29'.

ERROR(SPMHNI-196): Symbol 'INTEL_X48' for device 'X48 EXPRESS NORTHBRIDGE_INTEL_X' has extra pin 'AL31'.

ERROR(SPMHNI-196): Symbol 'INTEL_X48' for device 'X48 EXPRESS NORTHBRIDGE_INTEL_X' has extra pin 'AL32'.

ERROR(SPMHNI-196): Symbol 'INTEL_X48' for device 'X48 EXPRESS NORTHBRIDGE_INTEL_X' has extra pin 'AL37'.

ERROR(SPMHNI-196): Symbol 'INTEL_X48' for device 'X48 EXPRESS NORTHBRIDGE_INTEL_X' has extra pin 'AL43'.

ERROR(SPMHNI-196): Symbol 'INTEL_X48' for device 'X48 EXPRESS NORTHBRIDGE_INTEL_X' has extra pin 'AL45'.

ERROR(SPMHNI-196): Symbol 'INTEL_X48' for device 'X48 EXPRESS NORTHBRIDGE_INTEL_X' has extra pin 'AM2'.

ERROR(SPMHNI-196): Symbol 'INTEL_X48' for device 'X48 EXPRESS NORTHBRIDGE_INTEL_X' has extra pin 'AM5'.

ERROR(SPMHNI-196): Symbol 'INTEL_X48' for device 'X48 EXPRESS NORTHBRIDGE_INTEL_X' has extra pin 'AM6'.

ERROR(SPMHNI-196): Symbol 'INTEL_X48' for device 'X48 EXPRESS NORTHBRIDGE_INTEL_X' has extra pin 'AM7'.

ERROR(SPMHNI-196): Symbol 'INTEL_X48' for device 'X48 EXPRESS NORTHBRIDGE_INTEL_X' has extra pin 'AM8'.

ERROR(SPMHNI-196): Symbol 'INTEL_X48' for device 'X48 EXPRESS NORTHBRIDGE_INTEL_X' has extra pin 'AM9'.

ERROR(SPMHNI-196): Symbol 'INTEL_X48' for device 'X48 EXPRESS NORTHBRIDGE_INTEL_X' has extra pin 'AM10'.

ERROR(SPMHNI-196): Symbol 'INTEL_X48' for device 'X48 EXPRESS NORTHBRIDGE_INTEL_X' has extra pin 'AM11'.

ERROR(SPMHNI-196): Symbol 'INTEL_X48' for device 'X48 EXPRESS NORTHBRIDGE_INTEL_X' has extra pin 'AM12'.

ERROR(SPMHNI-196): Symbol 'INTEL_X48' for device 'X48 EXPRESS NORTHBRIDGE_INTEL_X' has extra pin 'AM13'.

ERROR(SPMHNI-196): Symbol 'INTEL_X48' for device 'X48 EXPRESS NORTHBRIDGE_INTEL_X' has extra pin 'AM15'.

ERROR(SPMHNI-196): Symbol 'INTEL_X48' for device 'X48 EXPRESS NORTHBRIDGE_INTEL_X' has extra pin 'AM17'.

ERROR(SPMHNI-196): Symbol 'INTEL_X48' for device 'X48 EXPRESS NORTHBRIDGE_INTEL_X' has extra pin 'AM20'.

ERROR(SPMHNI-196): Symbol 'INTEL_X48' for device 'X48 EXPRESS NORTHBRIDGE_INTEL_X' has extra pin 'AM26'.

ERROR(SPMHNI-196): Symbol 'INTEL_X48' for device 'X48 EXPRESS NORTHBRIDGE_INTEL_X' has extra pin 'AM29'.

ERROR(SPMHNI-196): Symbol 'INTEL_X48' for device 'X48 EXPRESS NORTHBRIDGE_INTEL_X' has extra pin 'AM31'.

ERROR(SPMHNI-196): Symbol 'INTEL_X48' for device 'X48 EXPRESS NORTHBRIDGE_INTEL_X' has extra pin 'AM33'.

ERROR(SPMHNI-196): Symbol 'INTEL_X48' for device 'X48 EXPRESS NORTHBRIDGE_INTEL_X' has extra pin 'AM34'.

ERROR(SPMHNI-196): Symbol 'INTEL_X48' for device 'X48 EXPRESS NORTHBRIDGE_INTEL_X' has extra pin 'AM35'.

ERROR(SPMHNI-196): Symbol 'INTEL_X48' for device 'X48 EXPRESS NORTHBRIDGE_INTEL_X' has extra pin 'AM36'.

ERROR(SPMHNI-196): Symbol 'INTEL_X48' for device 'X48 EXPRESS NORTHBRIDGE_INTEL_X' has extra pin 'AM37'.

ERROR(SPMHNI-196): Symbol 'INTEL_X48' for device 'X48 EXPRESS NORTHBRIDGE_INTEL_X' has extra pin 'AM38'.

ERROR(SPMHNI-196): Symbol 'INTEL_X48' for device 'X48 EXPRESS NORTHBRIDGE_INTEL_X' has extra pin 'AM39'.

ERROR(SPMHNI-196): Symbol 'INTEL_X48' for device 'X48 EXPRESS NORTHBRIDGE_INTEL_X' has extra pin 'AM40'.

ERROR(SPMHNI-196): Symbol 'INTEL_X48' for device 'X48 EXPRESS NORTHBRIDGE_INTEL_X' has extra pin 'AM41'.

ERROR(SPMHNI-196): Symbol 'INTEL_X48' for device 'X48 EXPRESS NORTHBRIDGE_INTEL_X' has extra pin 'AM44'.

ERROR(SPMHNI-196): Symbol 'INTEL_X48' for device 'X48 EXPRESS NORTHBRIDGE_INTEL_X' has extra pin 'AN3'.

ERROR(SPMHNI-196): Symbol 'INTEL_X48' for device 'X48 EXPRESS NORTHBRIDGE_INTEL_X' has extra pin 'AN9'.

ERROR(SPMHNI-196): Symbol 'INTEL_X48' for device 'X48 EXPRESS NORTHBRIDGE_INTEL_X' has extra pin 'AN14'.

ERROR(SPMHNI-196): Symbol 'INTEL_X48' for device 'X48 EXPRESS NORTHBRIDGE_INTEL_X' has extra pin 'AN17'.

ERROR(SPMHNI-196): Symbol 'INTEL_X48' for device 'X48 EXPRESS NORTHBRIDGE_INTEL_X' has extra pin 'AN20'.

ERROR(SPMHNI-196): Symbol 'INTEL_X48' for device 'X48 EXPRESS NORTHBRIDGE_INTEL_X' has extra pin 'AN26'.

ERROR(SPMHNI-196): Symbol 'INTEL_X48' for device 'X48 EXPRESS NORTHBRIDGE_INTEL_X' has extra pin 'AN29'.

ERROR(SPMHNI-196): Symbol 'INTEL_X48' for device 'X48 EXPRESS NORTHBRIDGE_INTEL_X' has extra pin 'AN32'.

ERROR(SPMHNI-196): Symbol 'INTEL_X48' for device 'X48 EXPRESS NORTHBRIDGE_INTEL_X' has extra pin 'AN37'.

ERROR(SPMHNI-196): Symbol 'INTEL_X48' for device 'X48 EXPRESS NORTHBRIDGE_INTEL_X' has extra pin 'AN43'.

ERROR(SPMHNI-196): Symbol 'INTEL_X48' for device 'X48 EXPRESS NORTHBRIDGE_INTEL_X' has extra pin 'AN45'.

ERROR(SPMHNI-196): Symbol 'INTEL_X48' for device 'X48 EXPRESS NORTHBRIDGE_INTEL_X' has extra pin 'AP2'.

ERROR(SPMHNI-196): Symbol 'INTEL_X48' for device 'X48 EXPRESS NORTHBRIDGE_INTEL_X' has extra pin 'AP5'.

ERROR(SPMHNI-196): Symbol 'INTEL_X48' for device 'X48 EXPRESS NORTHBRIDGE_INTEL_X' has extra pin 'AP9'.

ERROR(SPMHNI-196): Symbol 'INTEL_X48' for device 'X48 EXPRESS NORTHBRIDGE_INTEL_X' has extra pin 'AP14'.

ERROR(SPMHNI-196): Symbol 'INTEL_X48' for device 'X48 EXPRESS NORTHBRIDGE_INTEL_X' has extra pin 'AP17'.

ERROR(SPMHNI-196): Symbol 'INTEL_X48' for device 'X48 EXPRESS NORTHBRIDGE_INTEL_X' has extra pin 'AP20'.

ERROR(SPMHNI-196): Symbol 'INTEL_X48' for device 'X48 EXPRESS NORTHBRIDGE_INTEL_X' has extra pin 'AP26'.

ERROR(SPMHNI-196): Symbol 'INTEL_X48' for device 'X48 EXPRESS NORTHBRIDGE_INTEL_X' has extra pin 'AP29'.

ERROR(SPMHNI-196): Symbol 'INTEL_X48' for device 'X48 EXPRESS NORTHBRIDGE_INTEL_X' has extra pin 'AP32'.

ERROR(SPMHNI-196): Symbol 'INTEL_X48' for device 'X48 EXPRESS NORTHBRIDGE_INTEL_X' has extra pin 'AP37'.

ERROR(SPMHNI-196): Symbol 'INTEL_X48' for device 'X48 EXPRESS NORTHBRIDGE_INTEL_X' has extra pin 'AP41'.

ERROR(SPMHNI-196): Symbol 'INTEL_X48' for device 'X48 EXPRESS NORTHBRIDGE_INTEL_X' has extra pin 'AP44'.

ERROR(SPMHNI-196): Symbol 'INTEL_X48' for device 'X48 EXPRESS NORTHBRIDGE_INTEL_X' has extra pin 'AR3'.

ERROR(SPMHNI-196): Symbol 'INTEL_X48' for device 'X48 EXPRESS NORTHBRIDGE_INTEL_X' has extra pin 'AR9'.

ERROR(SPMHNI-196): Symbol 'INTEL_X48' for device 'X48 EXPRESS NORTHBRIDGE_INTEL_X' has extra pin 'AR14'.

ERROR(SPMHNI-196): Symbol 'INTEL_X48' for device 'X48 EXPRESS NORTHBRIDGE_INTEL_X' has extra pin 'AR17'.

ERROR(SPMHNI-196): Symbol 'INTEL_X48' for device 'X48 EXPRESS NORTHBRIDGE_INTEL_X' has extra pin 'AR20'.

ERROR(SPMHNI-196): Symbol 'INTEL_X48' for device 'X48 EXPRESS NORTHBRIDGE_INTEL_X' has extra pin 'AR26'.

ERROR(SPMHNI-196): Symbol 'INTEL_X48' for device 'X48 EXPRESS NORTHBRIDGE_INTEL_X' has extra pin 'AR29'.

ERROR(SPMHNI-196): Symbol 'INTEL_X48' for device 'X48 EXPRESS NORTHBRIDGE_INTEL_X' has extra pin 'AR32'.

ERROR(SPMHNI-196): Symbol 'INTEL_X48' for device 'X48 EXPRESS NORTHBRIDGE_INTEL_X' has extra pin 'AR37'.

ERROR(SPMHNI-196): Symbol 'INTEL_X48' for device 'X48 EXPRESS NORTHBRIDGE_INTEL_X' has extra pin 'AR43'.

ERROR(SPMHNI-196): Symbol 'INTEL_X48' for device 'X48 EXPRESS NORTHBRIDGE_INTEL_X' has extra pin 'AR45'.

ERROR(SPMHNI-196): Symbol 'INTEL_X48' for device 'X48 EXPRESS NORTHBRIDGE_INTEL_X' has extra pin 'AV2'.

ERROR(SPMHNI-196): Symbol 'INTEL_X48' for device 'X48 EXPRESS NORTHBRIDGE_INTEL_X' has extra pin 'AV5'.

ERROR(SPMHNI-196): Symbol 'INTEL_X48' for device 'X48 EXPRESS NORTHBRIDGE_INTEL_X' has extra pin 'AV9'.

ERROR(SPMHNI-196): Symbol 'INTEL_X48' for device 'X48 EXPRESS NORTHBRIDGE_INTEL_X' has extra pin 'AV14'.

ERROR(SPMHNI-196): Symbol 'INTEL_X48' for device 'X48 EXPRESS NORTHBRIDGE_INTEL_X' has extra pin 'AV17'.

ERROR(SPMHNI-196): Symbol 'INTEL_X48' for device 'X48 EXPRESS NORTHBRIDGE_INTEL_X' has extra pin 'AV20'.

ERROR(SPMHNI-196): Symbol 'INTEL_X48' for device 'X48 EXPRESS NORTHBRIDGE_INTEL_X' has extra pin 'AV26'.

ERROR(SPMHNI-196): Symbol 'INTEL_X48' for device 'X48 EXPRESS NORTHBRIDGE_INTEL_X' has extra pin 'AV29'.

ERROR(SPMHNI-196): Symbol 'INTEL_X48' for device 'X48 EXPRESS NORTHBRIDGE_INTEL_X' has extra pin 'AV32'.

ERROR(SPMHNI-196): Symbol 'INTEL_X48' for device 'X48 EXPRESS NORTHBRIDGE_INTEL_X' has extra pin 'AV37'.

ERROR(SPMHNI-196): Symbol 'INTEL_X48' for device 'X48 EXPRESS NORTHBRIDGE_INTEL_X' has extra pin 'AV41'.

ERROR(SPMHNI-196): Symbol 'INTEL_X48' for device 'X48 EXPRESS NORTHBRIDGE_INTEL_X' has extra pin 'AV44'.

ERROR(SPMHNI-195): Symbol 'INTEL_X48' for device 'X48 EXPRESS NORTHBRIDGE_INTEL_X' is missing pin 'AU44'.

ERROR(SPMHNI-195): Symbol 'INTEL_X48' for device 'X48 EXPRESS NORTHBRIDGE_INTEL_X' is missing pin 'AU41'.

ERROR(SPMHNI-195): Symbol 'INTEL_X48' for device 'X48 EXPRESS NORTHBRIDGE_INTEL_X' is missing pin 'AU2'.

ERROR(SPMHNI-195): Symbol 'INTEL_X48' for device 'X48 EXPRESS NORTHBRIDGE_INTEL_X' is missing pin 'AU5'.

------ Library Paths ------
MODULEPATH =  . 
           C:/Cadence/SPB_16.3/share/local/pcb/modules 

PSMPATH =  . 
           symbols 
           .. 
           ../symbols 
           C:/Cadence/SPB_16.3/share/local/pcb/symbols 
           C:/Cadence/SPB_16.3/share/pcb/pcb_lib/symbols 
           C:/Cadence/SPB_16.3/share/pcb/allegrolib/symbols 
           C:/SPB_Data/ 

PADPATH =  . 
           symbols 
           .. 
           ../symbols 
           C:/Cadence/SPB_16.3/share/local/pcb/padstacks 
           C:/Cadence/SPB_16.3/share/pcb/pcb_lib/symbols 
           C:/Cadence/SPB_16.3/share/pcb/allegrolib/symbols 
           C:\SPB_Data\ 


------ Summary Statistics ------


netrev run on Aug 27 0:51:47 2010
   DESIGN NAME : 'MOTHERBOARD'
   PACKAGING ON Nov 17 2009 03:09:43

   COMPILE 'logic'
   CHECK_PIN_NAMES OFF
   CROSS_REFERENCE OFF
   FEEDBACK OFF
   INCREMENTAL OFF
   INTERFACE_TYPE PHYSICAL
   MAX_ERRORS 500
   MERGE_MINIMUM 5
   NET_NAME_CHARS '#%&()*+-./:=>?@[]^_`|'
   NET_NAME_LENGTH 24
   OVERSIGHTS ON
   REPLACE_CHECK OFF
   SINGLE_NODE_NETS ON
   SPLIT_MINIMUM 0
   SUPPRESS   20
   WARNINGS ON

 No error detected
 No oversight detected
  1 warnings detected

cpu time      0:02:23
elapsed time  0:00:01

